Archive member included because of file (symbol)

c:/users/nihit/stm32toolchain/gnu-arm/4.8-2014q3/bin/../lib/gcc/arm-none-eabi/4.8.4/../../../../arm-none-eabi/lib/armv7-m\libg_s.a(lib_a-errno.o)
                              ./system/src/newlib/_sbrk.o (__errno)
c:/users/nihit/stm32toolchain/gnu-arm/4.8-2014q3/bin/../lib/gcc/arm-none-eabi/4.8.4/../../../../arm-none-eabi/lib/armv7-m\libg_s.a(lib_a-impure.o)
                              c:/users/nihit/stm32toolchain/gnu-arm/4.8-2014q3/bin/../lib/gcc/arm-none-eabi/4.8.4/../../../../arm-none-eabi/lib/armv7-m\libg_s.a(lib_a-errno.o) (_impure_ptr)
c:/users/nihit/stm32toolchain/gnu-arm/4.8-2014q3/bin/../lib/gcc/arm-none-eabi/4.8.4/../../../../arm-none-eabi/lib/armv7-m\libg_s.a(lib_a-strlen.o)
                              ./system/src/diag/Trace.o (strlen)
c:/users/nihit/stm32toolchain/gnu-arm/4.8-2014q3/bin/../lib/gcc/arm-none-eabi/4.8.4/../../../../arm-none-eabi/lib/armv7-m\libg_s.a(lib_a-vsnprintf.o)
                              ./system/src/diag/Trace.o (vsnprintf)
c:/users/nihit/stm32toolchain/gnu-arm/4.8-2014q3/bin/../lib/gcc/arm-none-eabi/4.8.4/../../../../arm-none-eabi/lib/armv7-m\libg_s.a(lib_a-svfprintf.o)
                              c:/users/nihit/stm32toolchain/gnu-arm/4.8-2014q3/bin/../lib/gcc/arm-none-eabi/4.8.4/../../../../arm-none-eabi/lib/armv7-m\libg_s.a(lib_a-vsnprintf.o) (_svfprintf_r)
c:/users/nihit/stm32toolchain/gnu-arm/4.8-2014q3/bin/../lib/gcc/arm-none-eabi/4.8.4/../../../../arm-none-eabi/lib/armv7-m\libg_s.a(lib_a-vfprintf_i.o)
                              c:/users/nihit/stm32toolchain/gnu-arm/4.8-2014q3/bin/../lib/gcc/arm-none-eabi/4.8.4/../../../../arm-none-eabi/lib/armv7-m\libg_s.a(lib_a-svfprintf.o) (_printf_i)
c:/users/nihit/stm32toolchain/gnu-arm/4.8-2014q3/bin/../lib/gcc/arm-none-eabi/4.8.4/../../../../arm-none-eabi/lib/armv7-m\libg_s.a(lib_a-memchr-stub.o)
                              c:/users/nihit/stm32toolchain/gnu-arm/4.8-2014q3/bin/../lib/gcc/arm-none-eabi/4.8.4/../../../../arm-none-eabi/lib/armv7-m\libg_s.a(lib_a-svfprintf.o) (memchr)
c:/users/nihit/stm32toolchain/gnu-arm/4.8-2014q3/bin/../lib/gcc/arm-none-eabi/4.8.4/../../../../arm-none-eabi/lib/armv7-m\libg_s.a(lib_a-memcpy-stub.o)
                              c:/users/nihit/stm32toolchain/gnu-arm/4.8-2014q3/bin/../lib/gcc/arm-none-eabi/4.8.4/../../../../arm-none-eabi/lib/armv7-m\libg_s.a(lib_a-svfprintf.o) (memcpy)
c:/users/nihit/stm32toolchain/gnu-arm/4.8-2014q3/bin/../lib/gcc/arm-none-eabi/4.8.4/../../../../arm-none-eabi/lib/armv7-m\libg_s.a(lib_a-memmove.o)
                              c:/users/nihit/stm32toolchain/gnu-arm/4.8-2014q3/bin/../lib/gcc/arm-none-eabi/4.8.4/../../../../arm-none-eabi/lib/armv7-m\libg_s.a(lib_a-svfprintf.o) (memmove)
c:/users/nihit/stm32toolchain/gnu-arm/4.8-2014q3/bin/../lib/gcc/arm-none-eabi/4.8.4/../../../../arm-none-eabi/lib/armv7-m\libg_s.a(lib_a-nano-freer.o)
                              c:/users/nihit/stm32toolchain/gnu-arm/4.8-2014q3/bin/../lib/gcc/arm-none-eabi/4.8.4/../../../../arm-none-eabi/lib/armv7-m\libg_s.a(lib_a-svfprintf.o) (_free_r)
c:/users/nihit/stm32toolchain/gnu-arm/4.8-2014q3/bin/../lib/gcc/arm-none-eabi/4.8.4/../../../../arm-none-eabi/lib/armv7-m\libg_s.a(lib_a-nano-mallocr.o)
                              c:/users/nihit/stm32toolchain/gnu-arm/4.8-2014q3/bin/../lib/gcc/arm-none-eabi/4.8.4/../../../../arm-none-eabi/lib/armv7-m\libg_s.a(lib_a-svfprintf.o) (_malloc_r)
c:/users/nihit/stm32toolchain/gnu-arm/4.8-2014q3/bin/../lib/gcc/arm-none-eabi/4.8.4/../../../../arm-none-eabi/lib/armv7-m\libg_s.a(lib_a-nano-reallocr.o)
                              c:/users/nihit/stm32toolchain/gnu-arm/4.8-2014q3/bin/../lib/gcc/arm-none-eabi/4.8.4/../../../../arm-none-eabi/lib/armv7-m\libg_s.a(lib_a-svfprintf.o) (_realloc_r)
c:/users/nihit/stm32toolchain/gnu-arm/4.8-2014q3/bin/../lib/gcc/arm-none-eabi/4.8.4/../../../../arm-none-eabi/lib/armv7-m\libg_s.a(lib_a-sbrkr.o)
                              c:/users/nihit/stm32toolchain/gnu-arm/4.8-2014q3/bin/../lib/gcc/arm-none-eabi/4.8.4/../../../../arm-none-eabi/lib/armv7-m\libg_s.a(lib_a-nano-mallocr.o) (_sbrk_r)
c:/users/nihit/stm32toolchain/gnu-arm/4.8-2014q3/bin/../lib/gcc/arm-none-eabi/4.8.4/../../../../arm-none-eabi/lib/armv7-m\libg_s.a(lib_a-nano-msizer.o)
                              c:/users/nihit/stm32toolchain/gnu-arm/4.8-2014q3/bin/../lib/gcc/arm-none-eabi/4.8.4/../../../../arm-none-eabi/lib/armv7-m\libg_s.a(lib_a-nano-reallocr.o) (_malloc_usable_size_r)

Allocating common symbols
Common symbol       size              file

timer_delayCount    0x4               ./src/Timer.o
errno               0x4               ./system/src/newlib/_syscalls.o

Discarded input sections

 .group         0x00000000        0x8 ./system/src/stm32f1-stdperiph/misc.o
 .group         0x00000000        0x8 ./system/src/stm32f1-stdperiph/misc.o
 .group         0x00000000        0x8 ./system/src/stm32f1-stdperiph/misc.o
 .group         0x00000000        0x8 ./system/src/stm32f1-stdperiph/misc.o
[...]
Memory Configuration

Name             Origin             Length             Attributes
RAM              0x20000000         0x00005000         xrw
CCMRAM           0x00000000         0x00000000         xrw
FLASH            0x08000000         0x00020000         xr
FLASHB1          0x00000000         0x00000000         xr
EXTMEMB0         0x00000000         0x00000000         xr
EXTMEMB1         0x00000000         0x00000000         xr
EXTMEMB2         0x00000000         0x00000000         xr
EXTMEMB3         0x00000000         0x00000000         xr
MEMORY_ARRAY     0x00000000         0x00000000         xrw
*default*        0x00000000         0xffffffff

Linker script and memory map

LOAD ./system/src/stm32f1-stdperiph/misc.o
LOAD ./system/src/stm32f1-stdperiph/stm32f10x_gpio.o
LOAD ./system/src/stm32f1-stdperiph/stm32f10x_rcc.o
LOAD ./system/src/newlib/_cxx.o
LOAD ./system/src/newlib/_exit.o
LOAD ./system/src/newlib/_sbrk.o
LOAD ./system/src/newlib/_startup.o
LOAD ./system/src/newlib/_syscalls.o
LOAD ./system/src/newlib/assert.o
LOAD ./system/src/diag/Trace.o
LOAD ./system/src/diag/trace_impl.o
LOAD ./system/src/cortexm/_initialize_hardware.o
LOAD ./system/src/cortexm/_reset_hardware.o
LOAD ./system/src/cortexm/exception_handlers.o
LOAD ./system/src/cmsis/system_stm32f10x.o
LOAD ./system/src/cmsis/vectors_stm32f10x.o
LOAD ./src/BlinkLed.o
LOAD ./src/Timer.o
LOAD ./src/_write.o
LOAD ./src/main.o
LOAD c:/users/nihit/stm32toolchain/gnu-arm/4.8-2014q3/bin/../lib/gcc/arm-none-eabi/4.8.4/../../../../arm-none-eabi/lib/armv7-m\libstdc++_s.a
LOAD c:/users/nihit/stm32toolchain/gnu-arm/4.8-2014q3/bin/../lib/gcc/arm-none-eabi/4.8.4/../../../../arm-none-eabi/lib/armv7-m\libm.a
START GROUP
LOAD c:/users/nihit/stm32toolchain/gnu-arm/4.8-2014q3/bin/../lib/gcc/arm-none-eabi/4.8.4/armv7-m\libgcc.a
LOAD c:/users/nihit/stm32toolchain/gnu-arm/4.8-2014q3/bin/../lib/gcc/arm-none-eabi/4.8.4/../../../../arm-none-eabi/lib/armv7-m\libg_s.a
LOAD c:/users/nihit/stm32toolchain/gnu-arm/4.8-2014q3/bin/../lib/gcc/arm-none-eabi/4.8.4/../../../../arm-none-eabi/lib/armv7-m\libc_s.a
END GROUP
START GROUP
LOAD c:/users/nihit/stm32toolchain/gnu-arm/4.8-2014q3/bin/../lib/gcc/arm-none-eabi/4.8.4/armv7-m\libgcc.a
LOAD c:/users/nihit/stm32toolchain/gnu-arm/4.8-2014q3/bin/../lib/gcc/arm-none-eabi/4.8.4/../../../../arm-none-eabi/lib/armv7-m\libc_s.a
END GROUP
                0x20005000                __stack = (ORIGIN (RAM) + 0x5000)
                0x20005000                _estack = __stack
                0x00000400                __Main_Stack_Size = 0x400
                0x00000400                PROVIDE (_Main_Stack_Size, __Main_Stack_Size)
                0x20004c00                __Main_Stack_Limit = (__stack - __Main_Stack_Size)
                0x20004c00                PROVIDE (_Main_Stack_Limit, __Main_Stack_Limit)
                0x00000100                _Minimum_Stack_Size = 0x100
                0x20000128                PROVIDE (_Heap_Begin, _end_noinit)
                0x20004c00                PROVIDE (_Heap_Limit, (__stack - __Main_Stack_Size))

.isr_vector     0x08000000      0x328
 FILL mask 0xff
                0x08000000                __vectors_start = ABSOLUTE (.)
                0x08000000                __vectors_start__ = ABSOLUTE (.)
 *(.isr_vector)
 .isr_vector    0x08000000      0x10c ./system/src/cmsis/vectors_stm32f10x.o
                0x08000000                __isr_vectors
 *(.cfmconfig)
 *(.after_vectors .after_vectors.*)
 .after_vectors
                0x0800010c      0x114 ./system/src/newlib/_startup.o
                0x0800010c                _start
 .after_vectors
                0x08000220      0x104 ./system/src/cortexm/exception_handlers.o
                0x08000220                Reset_Handler
                0x08000228                NMI_Handler
                0x0800022c                HardFault_Handler
                0x08000240                HardFault_Handler_C
                0x08000274                MemManage_Handler
                0x08000278                BusFault_Handler
                0x0800028c                BusFault_Handler_C
                0x080002c0                UsageFault_Handler
                0x080002d4                UsageFault_Handler_C
                0x08000308                SVC_Handler
                0x0800030c                DebugMon_Handler
                0x08000310                PendSV_Handler
 .after_vectors
                0x08000324        0x4 ./system/src/cmsis/vectors_stm32f10x.o
                0x08000324                EXTI2_IRQHandler
                0x08000324                TIM8_TRG_COM_IRQHandler
                0x08000324                TIM8_CC_IRQHandler
                0x08000324                TIM1_CC_IRQHandler
                0x08000324                TIM6_IRQHandler
                0x08000324                PVD_IRQHandler
                0x08000324                SDIO_IRQHandler
                0x08000324                CAN2_RX1_IRQHandler
                0x08000324                EXTI3_IRQHandler
                0x08000324                TIM8_TRG_COM_TIM14_IRQHandler
                0x08000324                TIM1_UP_TIM10_IRQHandler
                0x08000324                TIM8_UP_TIM13_IRQHandler
                0x08000324                EXTI0_IRQHandler
                0x08000324                I2C2_EV_IRQHandler
                0x08000324                CAN1_RX0_IRQHandler
                0x08000324                TIM1_UP_TIM16_IRQHandler
                0x08000324                CAN2_SCE_IRQHandler
                0x08000324                ADC1_2_IRQHandler
                0x08000324                SPI1_IRQHandler
                0x08000324                TAMPER_IRQHandler
                0x08000324                TIM6_DAC_IRQHandler
                0x08000324                TIM1_BRK_TIM9_IRQHandler
                0x08000324                CAN2_RX0_IRQHandler
                0x08000324                TIM8_UP_IRQHandler
                0x08000324                DMA2_Channel2_IRQHandler
                0x08000324                DMA1_Channel4_IRQHandler
                0x08000324                USART3_IRQHandler
                0x08000324                RTC_IRQHandler
                0x08000324                DMA1_Channel7_IRQHandler
                0x08000324                CAN1_RX1_IRQHandler
                0x08000324                UART5_IRQHandler
                0x08000324                ADC3_IRQHandler
                0x08000324                TIM4_IRQHandler
                0x08000324                DMA2_Channel1_IRQHandler
                0x08000324                I2C1_EV_IRQHandler
                0x08000324                DMA1_Channel6_IRQHandler
                0x08000324                UART4_IRQHandler
                0x08000324                DMA2_Channel4_IRQHandler
                0x08000324                TIM3_IRQHandler
                0x08000324                RCC_IRQHandler
                0x08000324                TIM8_BRK_TIM12_IRQHandler
                0x08000324                TIM1_TRG_COM_IRQHandler
                0x08000324                DMA1_Channel1_IRQHandler
                0x08000324                Default_Handler
                0x08000324                CEC_IRQHandler
                0x08000324                EXTI15_10_IRQHandler
                0x08000324                TIM14_IRQHandler
                0x08000324                TIM13_IRQHandler
                0x08000324                TIM12_IRQHandler
                0x08000324                TIM7_IRQHandler
                0x08000324                CAN2_TX_IRQHandler
                0x08000324                TIM5_IRQHandler
                0x08000324                EXTI9_5_IRQHandler
                0x08000324                ETH_WKUP_IRQHandler
                0x08000324                SPI2_IRQHandler
                0x08000324                CAN1_TX_IRQHandler
                0x08000324                DMA2_Channel5_IRQHandler
                0x08000324                DMA1_Channel5_IRQHandler
                0x08000324                EXTI4_IRQHandler
                0x08000324                USB_LP_CAN1_RX0_IRQHandler
                0x08000324                TIM1_TRG_COM_TIM17_IRQHandler
                0x08000324                USB_HP_CAN1_TX_IRQHandler
                0x08000324                DMA1_Channel3_IRQHandler
                0x08000324                FSMC_IRQHandler
                0x08000324                ETH_IRQHandler
                0x08000324                TIM1_UP_IRQHandler
                0x08000324                WWDG_IRQHandler
                0x08000324                TIM2_IRQHandler
                0x08000324                OTG_FS_WKUP_IRQHandler
                0x08000324                TIM1_TRG_COM_TIM11_IRQHandler
                0x08000324                TIM1_BRK_IRQHandler
                0x08000324                EXTI1_IRQHandler
                0x08000324                RTCAlarm_IRQHandler
                0x08000324                DMA2_Channel4_5_IRQHandler
                0x08000324                USART2_IRQHandler
                0x08000324                I2C2_ER_IRQHandler
                0x08000324                DMA1_Channel2_IRQHandler
                0x08000324                TIM8_BRK_IRQHandler
                0x08000324                CAN1_SCE_IRQHandler
                0x08000324                FLASH_IRQHandler
                0x08000324                USART1_IRQHandler
                0x08000324                OTG_FS_IRQHandler
                0x08000324                SPI3_IRQHandler
                0x08000324                I2C1_ER_IRQHandler
                0x08000324                USBWakeUp_IRQHandler
                0x08000324                DMA2_Channel3_IRQHandler
                0x08000324                TIM1_BRK_TIM15_IRQHandler

.inits          0x08000328       0x28
                0x08000328                __data_regions_array_start = .
                0x08000328        0x4 LONG 0x8001524 LOADADDR (.data)
                0x0800032c        0x4 LONG 0x20000000 ADDR (.data)
                0x08000330        0x4 LONG 0x20000088 (ADDR (.data) + SIZEOF (.data))
                0x08000334        0x4 LONG 0x8001524 LOADADDR (.data_CCMRAM)
                0x08000338        0x4 LONG 0x0 ADDR (.data_CCMRAM)
                0x0800033c        0x4 LONG 0x0 (ADDR (.data_CCMRAM) + SIZEOF (.data_CCMRAM))
                0x08000340                __data_regions_array_end = .
                0x08000340                __bss_regions_array_start = .
                0x08000340        0x4 LONG 0x20000088 ADDR (.bss)
                0x08000344        0x4 LONG 0x20000128 (ADDR (.bss) + SIZEOF (.bss))
                0x08000348        0x4 LONG 0x0 ADDR (.bss_CCMRAM)
                0x0800034c        0x4 LONG 0x0 (ADDR (.bss_CCMRAM) + SIZEOF (.bss_CCMRAM))
                0x08000350                __bss_regions_array_end = .
 *(.init)
 *(.fini)
                0x08000350                . = ALIGN (0x4)
                0x08000350                PROVIDE (__preinit_array_start, .)
 *(.preinit_array_sysinit .preinit_array_sysinit.*)
 *(.preinit_array_platform .preinit_array_platform.*)
 *(.preinit_array .preinit_array.*)
                0x08000350                PROVIDE (__preinit_array_end, .)
                0x08000350                . = ALIGN (0x4)
                0x08000350                PROVIDE (__init_array_start, .)
 *(SORT(.init_array.*))
 *(.init_array)
                0x08000350                PROVIDE (__init_array_end, .)
                0x08000350                . = ALIGN (0x4)
                0x08000350                PROVIDE (__fini_array_start, .)
 *(SORT(.fini_array.*))
 *(.fini_array)
                0x08000350                PROVIDE (__fini_array_end, .)

.flashtext
 *(.flashtext .flashtext.*)

.text           0x08000350     0x11d1
 *(.text .text.*)
 .text.GPIO_Init
                0x08000350      0x12c ./system/src/stm32f1-stdperiph/stm32f10x_gpio.o
                0x08000350                GPIO_Init
 .text.GPIO_SetBits
                0x0800047c       0x60 ./system/src/stm32f1-stdperiph/stm32f10x_gpio.o
                0x0800047c                GPIO_SetBits
 .text.GPIO_ResetBits
                0x080004dc       0x60 ./system/src/stm32f1-stdperiph/stm32f10x_gpio.o
                0x080004dc                GPIO_ResetBits
 .text.RCC_APB2PeriphClockCmd
                0x0800053c       0x4c ./system/src/stm32f1-stdperiph/stm32f10x_rcc.o
                0x0800053c                RCC_APB2PeriphClockCmd
 .text._exit    0x08000588        0x4 ./system/src/newlib/_exit.o
                0x08000588                _exit
 .text.abort    0x0800058c       0x14 ./system/src/newlib/_exit.o
                0x0800058c                abort
 .text._sbrk    0x080005a0       0x44 ./system/src/newlib/_sbrk.o
                0x080005a0                _sbrk
 .text.__initialize_args
                0x080005e4       0x10 ./system/src/newlib/_syscalls.o
                0x080005e4                __initialize_args
 .text.assert_failed
                0x080005f4       0x18 ./system/src/newlib/assert.o
                0x080005f4                assert_failed
 .text.trace_printf
                0x0800060c       0x34 ./system/src/diag/Trace.o
                0x0800060c                trace_printf
 .text.trace_puts
                0x08000640       0x20 ./system/src/diag/Trace.o
                0x08000640                trace_puts
 .text._trace_write_itm
                0x08000660       0x48 ./system/src/diag/trace_impl.o
 .text.trace_write
                0x080006a8        0x8 ./system/src/diag/trace_impl.o
                0x080006a8                trace_write
 .text.__initialize_hardware_early
                0x080006b0       0x18 ./system/src/cortexm/_initialize_hardware.o
                0x080006b0                __initialize_hardware_early
 .text.__initialize_hardware
                0x080006c8        0x8 ./system/src/cortexm/_initialize_hardware.o
                0x080006c8                __initialize_hardware
 .text.dumpExceptionStack
                0x080006d0       0xf0 ./system/src/cortexm/exception_handlers.o
                0x080006d0                dumpExceptionStack
 .text.SetSysClockTo72
                0x080007c0       0xc8 ./system/src/cmsis/system_stm32f10x.o
 .text.SetSysClock
                0x08000888        0x8 ./system/src/cmsis/system_stm32f10x.o
 .text.SystemInit
                0x08000890       0x50 ./system/src/cmsis/system_stm32f10x.o
                0x08000890                SystemInit
 .text.SystemCoreClockUpdate
                0x080008e0       0x94 ./system/src/cmsis/system_stm32f10x.o
                0x080008e0                SystemCoreClockUpdate
 .text.blink_led_init
                0x08000974       0x3c ./src/BlinkLed.o
                0x08000974                blink_led_init
 .text.timer_start
                0x080009b0       0x3c ./src/Timer.o
                0x080009b0                timer_start
 .text.timer_sleep
                0x080009ec       0x14 ./src/Timer.o
                0x080009ec                timer_sleep
 .text.timer_tick
                0x08000a00       0x14 ./src/Timer.o
                0x08000a00                timer_tick
 .text.SysTick_Handler
                0x08000a14        0x8 ./src/Timer.o
                0x08000a14                SysTick_Handler
 .text.main     0x08000a1c       0x38 ./src/main.o
                0x08000a1c                main
 .text.__errno  0x08000a54        0xc c:/users/nihit/stm32toolchain/gnu-arm/4.8-2014q3/bin/../lib/gcc/arm-none-eabi/4.8.4/../../../../arm-none-eabi/lib/armv7-m\libg_s.a(lib_a-errno.o)
                0x08000a54                __errno
 .text.strlen   0x08000a60       0x10 c:/users/nihit/stm32toolchain/gnu-arm/4.8-2014q3/bin/../lib/gcc/arm-none-eabi/4.8.4/../../../../arm-none-eabi/lib/armv7-m\libg_s.a(lib_a-strlen.o)
                0x08000a60                strlen
 .text._vsnprintf_r
                0x08000a70       0x52 c:/users/nihit/stm32toolchain/gnu-arm/4.8-2014q3/bin/../lib/gcc/arm-none-eabi/4.8.4/../../../../arm-none-eabi/lib/armv7-m\libg_s.a(lib_a-vsnprintf.o)
                0x08000a70                _vsniprintf_r
                0x08000a70                _vsnprintf_r
 *fill*         0x08000ac2        0x2 
 .text.vsnprintf
                0x08000ac4       0x20 c:/users/nihit/stm32toolchain/gnu-arm/4.8-2014q3/bin/../lib/gcc/arm-none-eabi/4.8.4/../../../../arm-none-eabi/lib/armv7-m\libg_s.a(lib_a-vsnprintf.o)
                0x08000ac4                vsniprintf
                0x08000ac4                vsnprintf
 .text.__ssputs_r
                0x08000ae4       0xb8 c:/users/nihit/stm32toolchain/gnu-arm/4.8-2014q3/bin/../lib/gcc/arm-none-eabi/4.8.4/../../../../arm-none-eabi/lib/armv7-m\libg_s.a(lib_a-svfprintf.o)
                0x08000ae4                __ssputs_r
 .text._svfprintf_r
                0x08000b9c      0x1d8 c:/users/nihit/stm32toolchain/gnu-arm/4.8-2014q3/bin/../lib/gcc/arm-none-eabi/4.8.4/../../../../arm-none-eabi/lib/armv7-m\libg_s.a(lib_a-svfprintf.o)
                0x08000b9c                _svfiprintf_r
                0x08000b9c                _svfprintf_r
 .text._printf_common
                0x08000d74       0xe4 c:/users/nihit/stm32toolchain/gnu-arm/4.8-2014q3/bin/../lib/gcc/arm-none-eabi/4.8.4/../../../../arm-none-eabi/lib/armv7-m\libg_s.a(lib_a-vfprintf_i.o)
                0x08000d74                _printf_common
 .text._printf_i
                0x08000e58      0x228 c:/users/nihit/stm32toolchain/gnu-arm/4.8-2014q3/bin/../lib/gcc/arm-none-eabi/4.8.4/../../../../arm-none-eabi/lib/armv7-m\libg_s.a(lib_a-vfprintf_i.o)
                0x08000e58                _printf_i
 .text.memchr   0x08001080       0x1c c:/users/nihit/stm32toolchain/gnu-arm/4.8-2014q3/bin/../lib/gcc/arm-none-eabi/4.8.4/../../../../arm-none-eabi/lib/armv7-m\libg_s.a(lib_a-memchr-stub.o)
                0x08001080                memchr
 .text.memcpy   0x0800109c       0x12 c:/users/nihit/stm32toolchain/gnu-arm/4.8-2014q3/bin/../lib/gcc/arm-none-eabi/4.8.4/../../../../arm-none-eabi/lib/armv7-m\libg_s.a(lib_a-memcpy-stub.o)
                0x0800109c                memcpy
 .text.memmove  0x080010ae       0x36 c:/users/nihit/stm32toolchain/gnu-arm/4.8-2014q3/bin/../lib/gcc/arm-none-eabi/4.8.4/../../../../arm-none-eabi/lib/armv7-m\libg_s.a(lib_a-memmove.o)
                0x080010ae                memmove
 .text._free_r  0x080010e4       0x88 c:/users/nihit/stm32toolchain/gnu-arm/4.8-2014q3/bin/../lib/gcc/arm-none-eabi/4.8.4/../../../../arm-none-eabi/lib/armv7-m\libg_s.a(lib_a-nano-freer.o)
                0x080010e4                _free_r
 .text._malloc_r
                0x0800116c       0xa8 c:/users/nihit/stm32toolchain/gnu-arm/4.8-2014q3/bin/../lib/gcc/arm-none-eabi/4.8.4/../../../../arm-none-eabi/lib/armv7-m\libg_s.a(lib_a-nano-mallocr.o)
                0x0800116c                _malloc_r
 .text._realloc_r
                0x08001214       0x4c c:/users/nihit/stm32toolchain/gnu-arm/4.8-2014q3/bin/../lib/gcc/arm-none-eabi/4.8.4/../../../../arm-none-eabi/lib/armv7-m\libg_s.a(lib_a-nano-reallocr.o)
                0x08001214                _realloc_r
 .text._sbrk_r  0x08001260       0x20 c:/users/nihit/stm32toolchain/gnu-arm/4.8-2014q3/bin/../lib/gcc/arm-none-eabi/4.8.4/../../../../arm-none-eabi/lib/armv7-m\libg_s.a(lib_a-sbrkr.o)
                0x08001260                _sbrk_r
 .text._malloc_usable_size_r
                0x08001280       0x12 c:/users/nihit/stm32toolchain/gnu-arm/4.8-2014q3/bin/../lib/gcc/arm-none-eabi/4.8.4/../../../../arm-none-eabi/lib/armv7-m\libg_s.a(lib_a-nano-msizer.o)
                0x08001280                _malloc_usable_size_r
 *(.rodata .rodata.* .constdata .constdata.*)
 *fill*         0x08001292        0x2 
 .rodata.str1.4
                0x08001294       0x31 ./system/src/stm32f1-stdperiph/stm32f10x_gpio.o
                                 0x34 (size before relaxing)
 *fill*         0x080012c5        0x3 
 .rodata.str1.4
                0x080012c8       0x30 ./system/src/stm32f1-stdperiph/stm32f10x_rcc.o
 .rodata.str1.4
                0x080012f8       0x14 ./system/src/newlib/_exit.o
 .rodata.str1.4
                0x0800130c       0x6b ./system/src/newlib/assert.o
                                 0x70 (size before relaxing)
 *fill*         0x08001377        0x1 
 .rodata.str1.4
                0x08001378       0x29 ./system/src/diag/Trace.o
                                 0x30 (size before relaxing)
 *fill*         0x080013a1        0x3 
 .rodata.str1.4
                0x080013a4      0x148 ./system/src/cortexm/exception_handlers.o
 .rodata.str1.1
                0x080014ec        0x2 c:/users/nihit/stm32toolchain/gnu-arm/4.8-2014q3/bin/../lib/gcc/arm-none-eabi/4.8.4/../../../../arm-none-eabi/lib/armv7-m\libg_s.a(lib_a-impure.o)
 .rodata.str1.1
                0x080014ee       0x11 c:/users/nihit/stm32toolchain/gnu-arm/4.8-2014q3/bin/../lib/gcc/arm-none-eabi/4.8.4/../../../../arm-none-eabi/lib/armv7-m\libg_s.a(lib_a-svfprintf.o)
 .rodata.str1.1
                0x080014ff       0x22 c:/users/nihit/stm32toolchain/gnu-arm/4.8-2014q3/bin/../lib/gcc/arm-none-eabi/4.8.4/../../../../arm-none-eabi/lib/armv7-m\libg_s.a(lib_a-vfprintf_i.o)
 *(vtable)
 *(.eh_frame*)
 *(.glue_7)
 .glue_7        0x00000000        0x0 linker stubs
 *(.glue_7t)
 .glue_7t       0x00000000        0x0 linker stubs

.vfp11_veneer   0x08001524        0x0
 .vfp11_veneer  0x00000000        0x0 linker stubs

.v4_bx          0x08001524        0x0
 .v4_bx         0x00000000        0x0 linker stubs

.iplt           0x08001524        0x0
 .iplt          0x00000000        0x0 ./system/src/stm32f1-stdperiph/misc.o

.rel.dyn        0x08001524        0x0
 .rel.iplt      0x00000000        0x0 ./system/src/stm32f1-stdperiph/misc.o

.ARM.extab
 *(.ARM.extab* .gnu.linkonce.armextab.*)
                0x08001524                . = ALIGN (0x4)
                0x08001524                __exidx_start = .

.ARM.exidx
 *(.ARM.exidx* .gnu.linkonce.armexidx.*)
                0x08001524                __exidx_end = .
                0x08001524                . = ALIGN (0x4)
                0x08001524                _etext = .
                0x08001524                __etext = .

.data_CCMRAM    0x00000000        0x0 load address 0x08001524
 FILL mask 0xff
 *(.data.CCMRAM .data.CCMRAM.*)
                0x00000000                . = ALIGN (0x4)
                0x08001524                _sidata = LOADADDR (.data)

.data           0x20000000       0x88 load address 0x08001524
 FILL mask 0xff
                0x20000000                _sdata = .
                0x20000000                __data_start__ = .
 *(.data_begin .data_begin.*)
 .data_begin    0x20000000        0x4 ./system/src/newlib/_startup.o
 *(.data .data.*)
 .data.argv.4015
                0x20000004        0x8 ./system/src/newlib/_syscalls.o
 .data.AHBPrescTable
                0x2000000c       0x10 ./system/src/cmsis/system_stm32f10x.o
                0x2000000c                AHBPrescTable
 .data.SystemCoreClock
                0x2000001c        0x4 ./system/src/cmsis/system_stm32f10x.o
                0x2000001c                SystemCoreClock
 .data.impure_data
                0x20000020       0x60 c:/users/nihit/stm32toolchain/gnu-arm/4.8-2014q3/bin/../lib/gcc/arm-none-eabi/4.8.4/../../../../arm-none-eabi/lib/armv7-m\libg_s.a(lib_a-impure.o)
 .data._impure_ptr
                0x20000080        0x4 c:/users/nihit/stm32toolchain/gnu-arm/4.8-2014q3/bin/../lib/gcc/arm-none-eabi/4.8.4/../../../../arm-none-eabi/lib/armv7-m\libg_s.a(lib_a-impure.o)
                0x20000080                _impure_ptr
 *(.data_end .data_end.*)
 .data_end      0x20000084        0x4 ./system/src/newlib/_startup.o
                0x20000088                . = ALIGN (0x4)
                0x20000088                _edata = .
                0x20000088                __data_end__ = .

.igot.plt       0x20000088        0x0 load address 0x080015ac
 .igot.plt      0x00000000        0x0 ./system/src/stm32f1-stdperiph/misc.o

.bss_CCMRAM     0x00000000        0x0
 *(.bss.CCMRAM .bss.CCMRAM.*)

.bss            0x20000088       0xa0
                0x20000088                __bss_start__ = .
                0x20000088                _sbss = .
 *(.bss_begin .bss_begin.*)
 .bss_begin     0x20000088        0x4 ./system/src/newlib/_startup.o
 *(.bss .bss.*)
 .bss.current_heap_end.3842
                0x2000008c        0x4 ./system/src/newlib/_sbrk.o
 .bss.name.4014
                0x20000090        0x4 ./system/src/newlib/_syscalls.o
 .bss.buf.4905  0x20000094       0x80 ./system/src/diag/Trace.o
 .bss.__malloc_sbrk_start
                0x20000114        0x4 c:/users/nihit/stm32toolchain/gnu-arm/4.8-2014q3/bin/../lib/gcc/arm-none-eabi/4.8.4/../../../../arm-none-eabi/lib/armv7-m\libg_s.a(lib_a-nano-mallocr.o)
                0x20000114                __malloc_sbrk_start
 .bss.__malloc_free_list
                0x20000118        0x4 c:/users/nihit/stm32toolchain/gnu-arm/4.8-2014q3/bin/../lib/gcc/arm-none-eabi/4.8.4/../../../../arm-none-eabi/lib/armv7-m\libg_s.a(lib_a-nano-mallocr.o)
                0x20000118                __malloc_free_list
 *(COMMON)
 COMMON         0x2000011c        0x4 ./system/src/newlib/_syscalls.o
                0x2000011c                errno
 COMMON         0x20000120        0x4 ./src/Timer.o
                0x20000120                timer_delayCount
 *(.bss_end .bss_end.*)
 .bss_end       0x20000124        0x4 ./system/src/newlib/_startup.o
                0x20000128                . = ALIGN (0x4)
                0x20000128                __bss_end__ = .
                0x20000128                _ebss = .

.noinit_CCMRAM
 *(.noinit.CCMRAM .noinit.CCMRAM.*)

.noinit         0x20000128        0x0
                0x20000128                _noinit = .
 *(.noinit .noinit.*)
                0x20000128                . = ALIGN (0x4)
                0x20000128                _end_noinit = .
                0x20000128                PROVIDE (end, _end_noinit)
                0x20000128                PROVIDE (_end, _end_noinit)
                0x20000128                PROVIDE (__end, _end_noinit)
                0x20000128                PROVIDE (__end__, _end_noinit)

._check_stack   0x20000128      0x100
                0x20000228                . = (. + _Minimum_Stack_Size)
 *fill*         0x20000128      0x100 

.b1text
 *(.b1text)
 *(.b1rodata)
 *(.b1rodata.*)

.eb0text
 *(.eb0text)
 *(.eb0rodata)
 *(.eb0rodata.*)

.eb1text
 *(.eb1text)
 *(.eb1rodata)
 *(.eb1rodata.*)

.eb2text
 *(.eb2text)
 *(.eb2rodata)
 *(.eb2rodata.*)

.eb3text
 *(.eb3text)
 *(.eb3rodata)
 *(.eb3rodata.*)

.stab
 *(.stab)

.stabstr
 *(.stabstr)

.stab.excl
 *(.stab.excl)

.stab.exclstr
 *(.stab.exclstr)

.stab.index
 *(.stab.index)

.stab.indexstr
 *(.stab.indexstr)

.comment        0x00000000       0x70
 *(.comment)
 .comment       0x00000000       0x70 ./system/src/stm32f1-stdperiph/stm32f10x_gpio.o
                                 0x71 (size before relaxing)
 .comment       0x00000000       0x71 ./system/src/stm32f1-stdperiph/stm32f10x_rcc.o
 .comment       0x00000000       0x71 ./system/src/newlib/_exit.o
 .comment       0x00000000       0x71 ./system/src/newlib/_sbrk.o
 .comment       0x00000000       0x71 ./system/src/newlib/_startup.o
 .comment       0x00000000       0x71 ./system/src/newlib/_syscalls.o
 .comment       0x00000000       0x71 ./system/src/newlib/assert.o
 .comment       0x00000000       0x71 ./system/src/diag/Trace.o
 .comment       0x00000000       0x71 ./system/src/diag/trace_impl.o
 .comment       0x00000000       0x71 ./system/src/cortexm/_initialize_hardware.o
 .comment       0x00000000       0x71 ./system/src/cortexm/exception_handlers.o
 .comment       0x00000000       0x71 ./system/src/cmsis/system_stm32f10x.o
 .comment       0x00000000       0x71 ./system/src/cmsis/vectors_stm32f10x.o
 .comment       0x00000000       0x71 ./src/BlinkLed.o
 .comment       0x00000000       0x71 ./src/Timer.o
 .comment       0x00000000       0x71 ./src/main.o

.ARM.attributes
                0x00000000       0x33
 .ARM.attributes
                0x00000000       0x33 ./system/src/stm32f1-stdperiph/stm32f10x_gpio.o
 .ARM.attributes
                0x00000033       0x33 ./system/src/stm32f1-stdperiph/stm32f10x_rcc.o
 .ARM.attributes
                0x00000066       0x33 ./system/src/newlib/_exit.o
 .ARM.attributes
                0x00000099       0x33 ./system/src/newlib/_sbrk.o
 .ARM.attributes
                0x000000cc       0x33 ./system/src/newlib/_startup.o
 .ARM.attributes
                0x000000ff       0x33 ./system/src/newlib/_syscalls.o
 .ARM.attributes
                0x00000132       0x33 ./system/src/newlib/assert.o
 .ARM.attributes
                0x00000165       0x33 ./system/src/diag/Trace.o
 .ARM.attributes
                0x00000198       0x33 ./system/src/diag/trace_impl.o
 .ARM.attributes
                0x000001cb       0x33 ./system/src/cortexm/_initialize_hardware.o
 .ARM.attributes
                0x000001fe       0x33 ./system/src/cortexm/exception_handlers.o
 .ARM.attributes
                0x00000231       0x33 ./system/src/cmsis/system_stm32f10x.o
 .ARM.attributes
                0x00000264       0x33 ./system/src/cmsis/vectors_stm32f10x.o
 .ARM.attributes
                0x00000297       0x33 ./src/BlinkLed.o
 .ARM.attributes
                0x000002ca       0x33 ./src/Timer.o
 .ARM.attributes
                0x000002fd       0x33 ./src/main.o
 .ARM.attributes
                0x00000330       0x2d c:/users/nihit/stm32toolchain/gnu-arm/4.8-2014q3/bin/../lib/gcc/arm-none-eabi/4.8.4/../../../../arm-none-eabi/lib/armv7-m\libg_s.a(lib_a-errno.o)
 .ARM.attributes
                0x0000035d       0x2d c:/users/nihit/stm32toolchain/gnu-arm/4.8-2014q3/bin/../lib/gcc/arm-none-eabi/4.8.4/../../../../arm-none-eabi/lib/armv7-m\libg_s.a(lib_a-impure.o)
 .ARM.attributes
                0x0000038a       0x2d c:/users/nihit/stm32toolchain/gnu-arm/4.8-2014q3/bin/../lib/gcc/arm-none-eabi/4.8.4/../../../../arm-none-eabi/lib/armv7-m\libg_s.a(lib_a-strlen.o)
 .ARM.attributes
                0x000003b7       0x2d c:/users/nihit/stm32toolchain/gnu-arm/4.8-2014q3/bin/../lib/gcc/arm-none-eabi/4.8.4/../../../../arm-none-eabi/lib/armv7-m\libg_s.a(lib_a-vsnprintf.o)
 .ARM.attributes
                0x000003e4       0x2d c:/users/nihit/stm32toolchain/gnu-arm/4.8-2014q3/bin/../lib/gcc/arm-none-eabi/4.8.4/../../../../arm-none-eabi/lib/armv7-m\libg_s.a(lib_a-svfprintf.o)
 .ARM.attributes
                0x00000411       0x2d c:/users/nihit/stm32toolchain/gnu-arm/4.8-2014q3/bin/../lib/gcc/arm-none-eabi/4.8.4/../../../../arm-none-eabi/lib/armv7-m\libg_s.a(lib_a-vfprintf_i.o)
 .ARM.attributes
                0x0000043e       0x2d c:/users/nihit/stm32toolchain/gnu-arm/4.8-2014q3/bin/../lib/gcc/arm-none-eabi/4.8.4/../../../../arm-none-eabi/lib/armv7-m\libg_s.a(lib_a-memchr-stub.o)
 .ARM.attributes
                0x0000046b       0x2d c:/users/nihit/stm32toolchain/gnu-arm/4.8-2014q3/bin/../lib/gcc/arm-none-eabi/4.8.4/../../../../arm-none-eabi/lib/armv7-m\libg_s.a(lib_a-memcpy-stub.o)
 .ARM.attributes
                0x00000498       0x2d c:/users/nihit/stm32toolchain/gnu-arm/4.8-2014q3/bin/../lib/gcc/arm-none-eabi/4.8.4/../../../../arm-none-eabi/lib/armv7-m\libg_s.a(lib_a-memmove.o)
 .ARM.attributes
                0x000004c5       0x2d c:/users/nihit/stm32toolchain/gnu-arm/4.8-2014q3/bin/../lib/gcc/arm-none-eabi/4.8.4/../../../../arm-none-eabi/lib/armv7-m\libg_s.a(lib_a-nano-freer.o)
 .ARM.attributes
                0x000004f2       0x2d c:/users/nihit/stm32toolchain/gnu-arm/4.8-2014q3/bin/../lib/gcc/arm-none-eabi/4.8.4/../../../../arm-none-eabi/lib/armv7-m\libg_s.a(lib_a-nano-mallocr.o)
 .ARM.attributes
                0x0000051f       0x2d c:/users/nihit/stm32toolchain/gnu-arm/4.8-2014q3/bin/../lib/gcc/arm-none-eabi/4.8.4/../../../../arm-none-eabi/lib/armv7-m\libg_s.a(lib_a-nano-reallocr.o)
 .ARM.attributes
                0x0000054c       0x2d c:/users/nihit/stm32toolchain/gnu-arm/4.8-2014q3/bin/../lib/gcc/arm-none-eabi/4.8.4/../../../../arm-none-eabi/lib/armv7-m\libg_s.a(lib_a-sbrkr.o)
 .ARM.attributes
                0x00000579       0x2d c:/users/nihit/stm32toolchain/gnu-arm/4.8-2014q3/bin/../lib/gcc/arm-none-eabi/4.8.4/../../../../arm-none-eabi/lib/armv7-m\libg_s.a(lib_a-nano-msizer.o)

.debug
 *(.debug)

.line
 *(.line)

.debug_srcinfo
 *(.debug_srcinfo)

.debug_sfnames
 *(.debug_sfnames)

.debug_aranges  0x00000000      0x488
 *(.debug_aranges)
 .debug_aranges
                0x00000000       0xa8 ./system/src/stm32f1-stdperiph/stm32f10x_gpio.o
 .debug_aranges
                0x000000a8      0x118 ./system/src/stm32f1-stdperiph/stm32f10x_rcc.o
 .debug_aranges
                0x000001c0       0x28 ./system/src/newlib/_exit.o
 .debug_aranges
                0x000001e8       0x20 ./system/src/newlib/_sbrk.o
 .debug_aranges
                0x00000208       0x40 ./system/src/newlib/_startup.o
 .debug_aranges
                0x00000248       0x30 ./system/src/newlib/_syscalls.o
 .debug_aranges
                0x00000278       0x28 ./system/src/newlib/assert.o
 .debug_aranges
                0x000002a0       0x38 ./system/src/diag/Trace.o
 .debug_aranges
                0x000002d8       0x30 ./system/src/diag/trace_impl.o
 .debug_aranges
                0x00000308       0x28 ./system/src/cortexm/_initialize_hardware.o
 .debug_aranges
                0x00000330       0x88 ./system/src/cortexm/exception_handlers.o
 .debug_aranges
                0x000003b8       0x38 ./system/src/cmsis/system_stm32f10x.o
 .debug_aranges
                0x000003f0       0x20 ./system/src/cmsis/vectors_stm32f10x.o
 .debug_aranges
                0x00000410       0x20 ./src/BlinkLed.o
 .debug_aranges
                0x00000430       0x38 ./src/Timer.o
 .debug_aranges
                0x00000468       0x20 ./src/main.o

.debug_pubnames
 *(.debug_pubnames)

.debug_info     0x00000000     0x43f8
 *(.debug_info .gnu.linkonce.wi.*)
 .debug_info    0x00000000      0xbd4 ./system/src/stm32f1-stdperiph/stm32f10x_gpio.o
 .debug_info    0x00000bd4      0xc6b ./system/src/stm32f1-stdperiph/stm32f10x_rcc.o
 .debug_info    0x0000183f      0x100 ./system/src/newlib/_exit.o
 .debug_info    0x0000193f      0x125 ./system/src/newlib/_sbrk.o
 .debug_info    0x00001a64      0x475 ./system/src/newlib/_startup.o
 .debug_info    0x00001ed9      0x1bc ./system/src/newlib/_syscalls.o
 .debug_info    0x00002095      0x1b7 ./system/src/newlib/assert.o
 .debug_info    0x0000224c      0x32b ./system/src/diag/Trace.o
 .debug_info    0x00002577      0x3d2 ./system/src/diag/trace_impl.o
 .debug_info    0x00002949      0x294 ./system/src/cortexm/_initialize_hardware.o
 .debug_info    0x00002bdd      0x796 ./system/src/cortexm/exception_handlers.o
 .debug_info    0x00003373      0x474 ./system/src/cmsis/system_stm32f10x.o
 .debug_info    0x000037e7       0xd1 ./system/src/cmsis/vectors_stm32f10x.o
 .debug_info    0x000038b8      0x2b9 ./src/BlinkLed.o
 .debug_info    0x00003b71      0x61e ./src/Timer.o
 .debug_info    0x0000418f      0x269 ./src/main.o

.debug_abbrev   0x00000000     0x1506
 *(.debug_abbrev)
 .debug_abbrev  0x00000000      0x1f9 ./system/src/stm32f1-stdperiph/stm32f10x_gpio.o
 .debug_abbrev  0x000001f9      0x1ff ./system/src/stm32f1-stdperiph/stm32f10x_rcc.o
 .debug_abbrev  0x000003f8       0xa4 ./system/src/newlib/_exit.o
 .debug_abbrev  0x0000049c       0xbb ./system/src/newlib/_sbrk.o
 .debug_abbrev  0x00000557      0x1e9 ./system/src/newlib/_startup.o
 .debug_abbrev  0x00000740       0xee ./system/src/newlib/_syscalls.o
 .debug_abbrev  0x0000082e       0xc9 ./system/src/newlib/assert.o
 .debug_abbrev  0x000008f7      0x178 ./system/src/diag/Trace.o
 .debug_abbrev  0x00000a6f      0x188 ./system/src/diag/trace_impl.o
 .debug_abbrev  0x00000bf7       0xea ./system/src/cortexm/_initialize_hardware.o
 .debug_abbrev  0x00000ce1      0x1d6 ./system/src/cortexm/exception_handlers.o
 .debug_abbrev  0x00000eb7      0x157 ./system/src/cmsis/system_stm32f10x.o
 .debug_abbrev  0x0000100e       0x9d ./system/src/cmsis/vectors_stm32f10x.o
 .debug_abbrev  0x000010ab      0x15b ./src/BlinkLed.o
 .debug_abbrev  0x00001206      0x1b5 ./src/Timer.o
 .debug_abbrev  0x000013bb      0x14b ./src/main.o

.debug_line     0x00000000     0x3e26
 *(.debug_line)
 .debug_line    0x00000000      0x5e0 ./system/src/stm32f1-stdperiph/stm32f10x_gpio.o
 .debug_line    0x000005e0      0x70b ./system/src/stm32f1-stdperiph/stm32f10x_rcc.o
 .debug_line    0x00000ceb      0x293 ./system/src/newlib/_exit.o
 .debug_line    0x00000f7e      0x244 ./system/src/newlib/_sbrk.o
 .debug_line    0x000011c2      0x302 ./system/src/newlib/_startup.o
 .debug_line    0x000014c4      0x33f ./system/src/newlib/_syscalls.o
 .debug_line    0x00001803      0x2ce ./system/src/newlib/assert.o
 .debug_line    0x00001ad1      0x356 ./system/src/diag/Trace.o
 .debug_line    0x00001e27      0x53a ./system/src/diag/trace_impl.o
 .debug_line    0x00002361      0x36b ./system/src/cortexm/_initialize_hardware.o
 .debug_line    0x000026cc      0x657 ./system/src/cortexm/exception_handlers.o
 .debug_line    0x00002d23      0x3c4 ./system/src/cmsis/system_stm32f10x.o
 .debug_line    0x000030e7       0xfb ./system/src/cmsis/vectors_stm32f10x.o
 .debug_line    0x000031e2      0x348 ./src/BlinkLed.o
 .debug_line    0x0000352a      0x3c0 ./src/Timer.o
 .debug_line    0x000038ea      0x53c ./src/main.o

.debug_frame    0x00000000      0xcb0
 *(.debug_frame)
 .debug_frame   0x00000000      0x1e8 ./system/src/stm32f1-stdperiph/stm32f10x_gpio.o
 .debug_frame   0x000001e8      0x314 ./system/src/stm32f1-stdperiph/stm32f10x_rcc.o
 .debug_frame   0x000004fc       0x38 ./system/src/newlib/_exit.o
 .debug_frame   0x00000534       0x28 ./system/src/newlib/_sbrk.o
 .debug_frame   0x0000055c       0x7c ./system/src/newlib/_startup.o
 .debug_frame   0x000005d8       0x50 ./system/src/newlib/_syscalls.o
 .debug_frame   0x00000628       0x40 ./system/src/newlib/assert.o
 .debug_frame   0x00000668       0x80 ./system/src/diag/Trace.o
 .debug_frame   0x000006e8       0x50 ./system/src/diag/trace_impl.o
 .debug_frame   0x00000738       0x40 ./system/src/cortexm/_initialize_hardware.o
 .debug_frame   0x00000778      0x144 ./system/src/cortexm/exception_handlers.o
 .debug_frame   0x000008bc       0x64 ./system/src/cmsis/system_stm32f10x.o
 .debug_frame   0x00000920       0x20 ./system/src/cmsis/vectors_stm32f10x.o
 .debug_frame   0x00000940       0x2c ./src/BlinkLed.o
 .debug_frame   0x0000096c       0x58 ./src/Timer.o
 .debug_frame   0x000009c4       0x28 ./src/main.o
 .debug_frame   0x000009ec       0x20 c:/users/nihit/stm32toolchain/gnu-arm/4.8-2014q3/bin/../lib/gcc/arm-none-eabi/4.8.4/../../../../arm-none-eabi/lib/armv7-m\libg_s.a(lib_a-errno.o)
 .debug_frame   0x00000a0c       0x20 c:/users/nihit/stm32toolchain/gnu-arm/4.8-2014q3/bin/../lib/gcc/arm-none-eabi/4.8.4/../../../../arm-none-eabi/lib/armv7-m\libg_s.a(lib_a-strlen.o)
 .debug_frame   0x00000a2c       0x4c c:/users/nihit/stm32toolchain/gnu-arm/4.8-2014q3/bin/../lib/gcc/arm-none-eabi/4.8.4/../../../../arm-none-eabi/lib/armv7-m\libg_s.a(lib_a-vsnprintf.o)
 .debug_frame   0x00000a78       0x88 c:/users/nihit/stm32toolchain/gnu-arm/4.8-2014q3/bin/../lib/gcc/arm-none-eabi/4.8.4/../../../../arm-none-eabi/lib/armv7-m\libg_s.a(lib_a-svfprintf.o)
 .debug_frame   0x00000b00       0x60 c:/users/nihit/stm32toolchain/gnu-arm/4.8-2014q3/bin/../lib/gcc/arm-none-eabi/4.8.4/../../../../arm-none-eabi/lib/armv7-m\libg_s.a(lib_a-vfprintf_i.o)
 .debug_frame   0x00000b60       0x28 c:/users/nihit/stm32toolchain/gnu-arm/4.8-2014q3/bin/../lib/gcc/arm-none-eabi/4.8.4/../../../../arm-none-eabi/lib/armv7-m\libg_s.a(lib_a-memchr-stub.o)
 .debug_frame   0x00000b88       0x28 c:/users/nihit/stm32toolchain/gnu-arm/4.8-2014q3/bin/../lib/gcc/arm-none-eabi/4.8.4/../../../../arm-none-eabi/lib/armv7-m\libg_s.a(lib_a-memcpy-stub.o)
 .debug_frame   0x00000bb0       0x2c c:/users/nihit/stm32toolchain/gnu-arm/4.8-2014q3/bin/../lib/gcc/arm-none-eabi/4.8.4/../../../../arm-none-eabi/lib/armv7-m\libg_s.a(lib_a-memmove.o)
 .debug_frame   0x00000bdc       0x2c c:/users/nihit/stm32toolchain/gnu-arm/4.8-2014q3/bin/../lib/gcc/arm-none-eabi/4.8.4/../../../../arm-none-eabi/lib/armv7-m\libg_s.a(lib_a-nano-freer.o)
 .debug_frame   0x00000c08       0x2c c:/users/nihit/stm32toolchain/gnu-arm/4.8-2014q3/bin/../lib/gcc/arm-none-eabi/4.8.4/../../../../arm-none-eabi/lib/armv7-m\libg_s.a(lib_a-nano-mallocr.o)
 .debug_frame   0x00000c34       0x30 c:/users/nihit/stm32toolchain/gnu-arm/4.8-2014q3/bin/../lib/gcc/arm-none-eabi/4.8.4/../../../../arm-none-eabi/lib/armv7-m\libg_s.a(lib_a-nano-reallocr.o)
 .debug_frame   0x00000c64       0x2c c:/users/nihit/stm32toolchain/gnu-arm/4.8-2014q3/bin/../lib/gcc/arm-none-eabi/4.8.4/../../../../arm-none-eabi/lib/armv7-m\libg_s.a(lib_a-sbrkr.o)
 .debug_frame   0x00000c90       0x20 c:/users/nihit/stm32toolchain/gnu-arm/4.8-2014q3/bin/../lib/gcc/arm-none-eabi/4.8.4/../../../../arm-none-eabi/lib/armv7-m\libg_s.a(lib_a-nano-msizer.o)

.debug_str      0x00000000    0x54d57
 *(.debug_str)
 .debug_str     0x00000000    0x4e305 ./system/src/stm32f1-stdperiph/stm32f10x_gpio.o
                              0x4e470 (size before relaxing)
 .debug_str     0x0004e305      0xb4a ./system/src/stm32f1-stdperiph/stm32f10x_rcc.o
                              0x4ea3f (size before relaxing)
 .debug_str     0x0004ee4f     0x2989 ./system/src/newlib/_exit.o
                               0x4ef9 (size before relaxing)
 .debug_str     0x000517d8      0x4de ./system/src/newlib/_sbrk.o
                               0x44af (size before relaxing)
 .debug_str     0x00051cb6      0x266 ./system/src/newlib/_startup.o
                               0x4085 (size before relaxing)
 .debug_str     0x00051f1c      0xc3a ./system/src/newlib/_syscalls.o
                               0x512b (size before relaxing)
 .debug_str     0x00052b56       0xd5 ./system/src/newlib/assert.o
                               0x59fe (size before relaxing)
 .debug_str     0x00052c2b     0x1782 ./system/src/diag/Trace.o
                               0x65e0 (size before relaxing)
 .debug_str     0x000543ad      0x109 ./system/src/diag/trace_impl.o
                              0x4fc81 (size before relaxing)
 .debug_str     0x000544b6       0xb2 ./system/src/cortexm/_initialize_hardware.o
                              0x4df5a (size before relaxing)
 .debug_str     0x00054568      0x1e5 ./system/src/cortexm/exception_handlers.o
                              0x5187b (size before relaxing)
 .debug_str     0x0005474d       0xa6 ./system/src/cmsis/system_stm32f10x.o
                              0x4e004 (size before relaxing)
 .debug_str     0x000547f3       0x57 ./system/src/cmsis/vectors_stm32f10x.o
                               0x2fa9 (size before relaxing)
 .debug_str     0x0005484a      0x12f ./src/BlinkLed.o
                              0x4e0ef (size before relaxing)
 .debug_str     0x00054979      0x3c2 ./src/Timer.o
                              0x4e31f (size before relaxing)
 .debug_str     0x00054d3b       0x1c ./src/main.o
                              0x5038e (size before relaxing)

.debug_loc      0x00000000     0x1a32
 *(.debug_loc)
 .debug_loc     0x00000000      0x7ac ./system/src/stm32f1-stdperiph/stm32f10x_gpio.o
 .debug_loc     0x000007ac      0x9c0 ./system/src/stm32f1-stdperiph/stm32f10x_rcc.o
 .debug_loc     0x0000116c       0x6b ./system/src/newlib/_sbrk.o
 .debug_loc     0x000011d7      0x265 ./system/src/newlib/_startup.o
 .debug_loc     0x0000143c       0x63 ./system/src/newlib/_syscalls.o
 .debug_loc     0x0000149f      0x102 ./system/src/newlib/assert.o
 .debug_loc     0x000015a1       0xf7 ./system/src/diag/Trace.o
 .debug_loc     0x00001698       0x97 ./system/src/diag/trace_impl.o
 .debug_loc     0x0000172f      0x184 ./system/src/cortexm/exception_handlers.o
 .debug_loc     0x000018b3       0xe4 ./system/src/cmsis/system_stm32f10x.o
 .debug_loc     0x00001997       0x59 ./src/Timer.o
 .debug_loc     0x000019f0       0x42 ./src/main.o

.debug_macinfo
 *(.debug_macinfo)

.debug_weaknames
 *(.debug_weaknames)

.debug_funcnames
 *(.debug_funcnames)

.debug_typenames
 *(.debug_typenames)

.debug_varnames
 *(.debug_varnames)
OUTPUT(testt.elf elf32-littlearm)

.debug_ranges   0x00000000      0x3a0
 .debug_ranges  0x00000000       0x98 ./system/src/stm32f1-stdperiph/stm32f10x_gpio.o
 .debug_ranges  0x00000098      0x108 ./system/src/stm32f1-stdperiph/stm32f10x_rcc.o
 .debug_ranges  0x000001a0       0x18 ./system/src/newlib/_exit.o
 .debug_ranges  0x000001b8       0x10 ./system/src/newlib/_sbrk.o
 .debug_ranges  0x000001c8       0x48 ./system/src/newlib/_startup.o
 .debug_ranges  0x00000210       0x20 ./system/src/newlib/_syscalls.o
 .debug_ranges  0x00000230       0x18 ./system/src/newlib/assert.o
 .debug_ranges  0x00000248       0x28 ./system/src/diag/Trace.o
 .debug_ranges  0x00000270       0x20 ./system/src/diag/trace_impl.o
 .debug_ranges  0x00000290       0x18 ./system/src/cortexm/_initialize_hardware.o
 .debug_ranges  0x000002a8       0x78 ./system/src/cortexm/exception_handlers.o
 .debug_ranges  0x00000320       0x28 ./system/src/cmsis/system_stm32f10x.o
 .debug_ranges  0x00000348       0x10 ./system/src/cmsis/vectors_stm32f10x.o
 .debug_ranges  0x00000358       0x10 ./src/BlinkLed.o
 .debug_ranges  0x00000368       0x28 ./src/Timer.o
 .debug_ranges  0x00000390       0x10 ./src/main.o

.debug_macro    0x00000000     0x3166
 .debug_macro   0x00000000      0x1b9 ./system/src/stm32f1-stdperiph/stm32f10x_gpio.o
 .debug_macro   0x000001b9       0x8b ./system/src/stm32f1-stdperiph/stm32f10x_gpio.o
 .debug_macro   0x00000244      0x2a6 ./system/src/stm32f1-stdperiph/stm32f10x_gpio.o
 .debug_macro   0x000004ea      0x287 ./system/src/stm32f1-stdperiph/stm32f10x_rcc.o
 .debug_macro   0x00000771      0x3dc ./system/src/stm32f1-stdperiph/stm32f10x_rcc.o
 .debug_macro   0x00000b4d      0x11b ./system/src/newlib/_exit.o
 .debug_macro   0x00000c68       0xa3 ./system/src/newlib/_exit.o
 .debug_macro   0x00000d0b      0x10e ./system/src/newlib/_exit.o
 .debug_macro   0x00000e19       0x86 ./system/src/newlib/_exit.o
 .debug_macro   0x00000e9f       0x43 ./system/src/newlib/_exit.o
 .debug_macro   0x00000ee2       0x10 ./system/src/newlib/_exit.o
 .debug_macro   0x00000ef2       0x35 ./system/src/newlib/_exit.o
 .debug_macro   0x00000f27       0xd1 ./system/src/newlib/_sbrk.o
 .debug_macro   0x00000ff8       0x19 ./system/src/newlib/_sbrk.o
 .debug_macro   0x00001011      0x16d ./system/src/newlib/_sbrk.o
 .debug_macro   0x0000117e       0x10 ./system/src/newlib/_sbrk.o
 .debug_macro   0x0000118e      0x23b ./system/src/newlib/_sbrk.o
 .debug_macro   0x000013c9       0xdb ./system/src/newlib/_startup.o
 .debug_macro   0x000014a4      0x169 ./system/src/newlib/_syscalls.o
 .debug_macro   0x0000160d       0x1c ./system/src/newlib/_syscalls.o
 .debug_macro   0x00001629       0x10 ./system/src/newlib/_syscalls.o
 .debug_macro   0x00001639       0x10 ./system/src/newlib/_syscalls.o
 .debug_macro   0x00001649       0x10 ./system/src/newlib/_syscalls.o
 .debug_macro   0x00001659       0x35 ./system/src/newlib/_syscalls.o
 .debug_macro   0x0000168e      0x120 ./system/src/newlib/_syscalls.o
 .debug_macro   0x000017ae       0x22 ./system/src/newlib/_syscalls.o
 .debug_macro   0x000017d0       0x2b ./system/src/newlib/_syscalls.o
 .debug_macro   0x000017fb      0x118 ./system/src/newlib/_syscalls.o
 .debug_macro   0x00001913      0x13a ./system/src/newlib/_syscalls.o
 .debug_macro   0x00001a4d       0x16 ./system/src/newlib/_syscalls.o
 .debug_macro   0x00001a63      0x137 ./system/src/newlib/assert.o
 .debug_macro   0x00001b9a       0x1c ./system/src/newlib/assert.o
 .debug_macro   0x00001bb6      0x15a ./system/src/diag/Trace.o
 .debug_macro   0x00001d10       0x16 ./system/src/diag/Trace.o
 .debug_macro   0x00001d26       0x97 ./system/src/diag/Trace.o
 .debug_macro   0x00001dbd       0x10 ./system/src/diag/Trace.o
 .debug_macro   0x00001dcd       0xf6 ./system/src/diag/Trace.o
 .debug_macro   0x00001ec3       0x16 ./system/src/diag/Trace.o
 .debug_macro   0x00001ed9      0x16c ./system/src/diag/Trace.o
 .debug_macro   0x00002045       0x52 ./system/src/diag/Trace.o
 .debug_macro   0x00002097      0x283 ./system/src/diag/Trace.o
 .debug_macro   0x0000231a       0x10 ./system/src/diag/Trace.o
 .debug_macro   0x0000232a       0x1f ./system/src/diag/Trace.o
 .debug_macro   0x00002349      0x237 ./system/src/diag/trace_impl.o
 .debug_macro   0x00002580      0x16b ./system/src/cortexm/_initialize_hardware.o
 .debug_macro   0x000026eb      0x290 ./system/src/cortexm/exception_handlers.o
 .debug_macro   0x0000297b       0x3b ./system/src/cortexm/exception_handlers.o
 .debug_macro   0x000029b6       0x22 ./system/src/cortexm/exception_handlers.o
 .debug_macro   0x000029d8      0x16e ./system/src/cmsis/system_stm32f10x.o
 .debug_macro   0x00002b46       0x34 ./system/src/cmsis/vectors_stm32f10x.o
 .debug_macro   0x00002b7a      0x170 ./src/BlinkLed.o
 .debug_macro   0x00002cea       0x28 ./src/BlinkLed.o
 .debug_macro   0x00002d12      0x184 ./src/Timer.o
 .debug_macro   0x00002e96       0x10 ./src/Timer.o
 .debug_macro   0x00002ea6      0x292 ./src/main.o
 .debug_macro   0x00003138       0x2e ./src/main.o
